10:33:07 **** Incremental Build of configuration Debug for project Lab1Proj ****
make -r -j6 all 
Building file: ../source/Lab1Proj.asm
Invoking: MCU Assembler
arm-none-eabi-gcc -c -x assembler-with-cpp -D__REDLIB__ -I../board -I../source -I../ -I../CMSIS -I../startup -g3 -mcpu=cortex-m4 -mfpu=fpv4-sp-d16 -mfloat-abi=hard -mthumb -D__REDLIB__ -specs=redlib.specs -o "source/Lab1Proj.o" "../source/Lab1Proj.asm"
Finished building: ../source/Lab1Proj.asm
 
Building target: Lab1Proj.axf
Invoking: MCU Linker
arm-none-eabi-gcc -nostdlib -Xlinker -Map="Lab1Proj.map" -Xlinker --gc-sections -Xlinker -print-memory-usage -Xlinker --sort-section=alignment -mcpu=cortex-m4 -mfpu=fpv4-sp-d16 -mfloat-abi=hard -mthumb -T Lab1Proj_Debug.ld -o "Lab1Proj.axf" ./startup/startup_mk22f51212.o  ./source/Lab1Proj.o  ./board/BasicIO.o ./board/K22FRDM_ClkCfg.o  ./CMSIS/system_MK22F51212.o   
Memory region         Used Size  Region Size  %age Used
   PROGRAM_FLASH:        2460 B       512 KB      0.47%
      SRAM_UPPER:        8196 B        64 KB     12.51%
      SRAM_LOWER:          0 GB        64 KB      0.00%
Finished building target: Lab1Proj.axf
 
Performing post-build steps
arm-none-eabi-size "Lab1Proj.axf"; # arm-none-eabi-objcopy -v -O binary "Lab1Proj.axf" "Lab1Proj.bin" ; # checksum -p MK22FN512xxx12 -d "Lab1Proj.bin";
   text	   data	    bss	    dec	    hex	filename
   2460	      0	   8196	  10656	   29a0	Lab1Proj.axf
 

10:33:08 Build Finished. 0 errors, 0 warnings. (took 889ms)

