11:53:23 **** Incremental Build of configuration Debug for project Lab3 ****
make -r -j6 all 
Building file: ../source/Lab3.asm
Invoking: MCU Assembler
arm-none-eabi-gcc -c -x assembler-with-cpp -D__REDLIB__ -I../board -I../source -I../ -I../CMSIS -I../startup -g3 -mcpu=cortex-m4 -mfpu=fpv4-sp-d16 -mfloat-abi=hard -mthumb -D__REDLIB__ -specs=redlib.specs -o "source/Lab3.o" "../source/Lab3.asm"
Finished building: ../source/Lab3.asm
 
Building target: Lab3.axf
Invoking: MCU Linker
arm-none-eabi-gcc -nostdlib -Xlinker -Map="Lab3.map" -Xlinker --gc-sections -Xlinker -print-memory-usage -Xlinker --sort-section=alignment -mcpu=cortex-m4 -mfpu=fpv4-sp-d16 -mfloat-abi=hard -mthumb -T Lab3_Debug.ld -o "Lab3.axf" ./startup/startup_mk22f51212.o  ./source/Lab3.o  ./board/BasicIO.o ./board/K22FRDM_ClkCfg.o  ./CMSIS/system_MK22F51212.o   
Memory region         Used Size  Region Size  %age Used
   PROGRAM_FLASH:        1844 B       512 KB      0.35%
      SRAM_UPPER:          8 KB        64 KB     12.50%
      SRAM_LOWER:          0 GB        64 KB      0.00%
Finished building target: Lab3.axf
 
Performing post-build steps
arm-none-eabi-size "Lab3.axf"; # arm-none-eabi-objcopy -v -O binary "Lab3.axf" "Lab3.bin" ; # checksum -p MK22FN512xxx12 -d "Lab3.bin";
   text	   data	    bss	    dec	    hex	filename
   1844	      0	   8192	  10036	   2734	Lab3.axf
 

11:53:24 Build Finished. 0 errors, 0 warnings. (took 890ms)

