14:43:58 **** Incremental Build of configuration Debug for project Lab4 ****
make -r -j6 all 
Building file: ../startup/startup_mk22f51212.c
Building file: ../source/Lab4Main.asm
Building file: ../board/BasicIO.c
Building file: ../board/K22FRDM_ClkCfg.c
Invoking: MCU C Compiler
arm-none-eabi-gcc -D__REDLIB__ -DFSL_RTOS_BM -DSDK_OS_BAREMETAL -DSDK_DEBUGCONSOLE=1 -DCR_INTEGER_PRINTF -DPRINTF_FLOAT_ENABLE=0 -DCPU_MK22FN512VDC12_cm4 -DCPU_MK22FN512VDC12 -D__MCUXPRESSO -D__USE_CMSIS -DDEBUG -I../board -I../source -I../ -I../CMSIS -I../startup -O0 -fno-common -g3 -Wall -Wextra -c -ffunction-sections -fdata-sections -ffreestanding -fno-builtin -fmerge-constants -fmacro-prefix-map="../startup/"= -mcpu=cortex-m4 -mfpu=fpv4-sp-d16 -mfloat-abi=hard -mthumb -D__REDLIB__ -fstack-usage -specs=redlib.specs -MMD -MP -MF"startup/startup_mk22f51212.d" -MT"startup/startup_mk22f51212.o" -MT"startup/startup_mk22f51212.d" -o "startup/startup_mk22f51212.o" "../startup/startup_mk22f51212.c"
Invoking: MCU Assembler
Invoking: MCU C Compiler
arm-none-eabi-gcc -c -x assembler-with-cpp -D__REDLIB__ -I../board -I../source -I../ -I../CMSIS -I../startup -g3 -mcpu=cortex-m4 -mfpu=fpv4-sp-d16 -mfloat-abi=hard -mthumb -D__REDLIB__ -specs=redlib.specs -o "source/Lab4Main.o" "../source/Lab4Main.asm"
Invoking: MCU C Compiler
arm-none-eabi-gcc -D__REDLIB__ -DFSL_RTOS_BM -DSDK_OS_BAREMETAL -DSDK_DEBUGCONSOLE=1 -DCR_INTEGER_PRINTF -DPRINTF_FLOAT_ENABLE=0 -DCPU_MK22FN512VDC12_cm4 -DCPU_MK22FN512VDC12 -D__MCUXPRESSO -D__USE_CMSIS -DDEBUG -I../board -I../source -I../ -I../CMSIS -I../startup -O0 -fno-common -g3 -Wall -Wextra -c -ffunction-sections -fdata-sections -ffreestanding -fno-builtin -fmerge-constants -fmacro-prefix-map="../board/"= -mcpu=cortex-m4 -mfpu=fpv4-sp-d16 -mfloat-abi=hard -mthumb -D__REDLIB__ -fstack-usage -specs=redlib.specs -MMD -MP -MF"board/BasicIO.d" -MT"board/BasicIO.o" -MT"board/BasicIO.d" -o "board/BasicIO.o" "../board/BasicIO.c"
arm-none-eabi-gcc -D__REDLIB__ -DFSL_RTOS_BM -DSDK_OS_BAREMETAL -DSDK_DEBUGCONSOLE=1 -DCR_INTEGER_PRINTF -DPRINTF_FLOAT_ENABLE=0 -DCPU_MK22FN512VDC12_cm4 -DCPU_MK22FN512VDC12 -D__MCUXPRESSO -D__USE_CMSIS -DDEBUG -I../board -I../source -I../ -I../CMSIS -I../startup -O0 -fno-common -g3 -Wall -Wextra -c -ffunction-sections -fdata-sections -ffreestanding -fno-builtin -fmerge-constants -fmacro-prefix-map="../board/"= -mcpu=cortex-m4 -mfpu=fpv4-sp-d16 -mfloat-abi=hard -mthumb -D__REDLIB__ -fstack-usage -specs=redlib.specs -MMD -MP -MF"board/K22FRDM_ClkCfg.d" -MT"board/K22FRDM_ClkCfg.o" -MT"board/K22FRDM_ClkCfg.d" -o "board/K22FRDM_ClkCfg.o" "../board/K22FRDM_ClkCfg.c"
Building file: ../CMSIS/system_MK22F51212.c
Invoking: MCU C Compiler
arm-none-eabi-gcc -D__REDLIB__ -DFSL_RTOS_BM -DSDK_OS_BAREMETAL -DSDK_DEBUGCONSOLE=1 -DCR_INTEGER_PRINTF -DPRINTF_FLOAT_ENABLE=0 -DCPU_MK22FN512VDC12_cm4 -DCPU_MK22FN512VDC12 -D__MCUXPRESSO -D__USE_CMSIS -DDEBUG -I../board -I../source -I../ -I../CMSIS -I../startup -O0 -fno-common -g3 -Wall -Wextra -c -ffunction-sections -fdata-sections -ffreestanding -fno-builtin -fmerge-constants -fmacro-prefix-map="../CMSIS/"= -mcpu=cortex-m4 -mfpu=fpv4-sp-d16 -mfloat-abi=hard -mthumb -D__REDLIB__ -fstack-usage -specs=redlib.specs -MMD -MP -MF"CMSIS/system_MK22F51212.d" -MT"CMSIS/system_MK22F51212.o" -MT"CMSIS/system_MK22F51212.d" -o "CMSIS/system_MK22F51212.o" "../CMSIS/system_MK22F51212.c"
Finished building: ../source/Lab4Main.asm
 
Finished building: ../startup/startup_mk22f51212.c
Finished building: ../board/K22FRDM_ClkCfg.c
 
 
Finished building: ../board/BasicIO.c
 
Finished building: ../CMSIS/system_MK22F51212.c
 
Building target: Lab4.axf
Invoking: MCU Linker
arm-none-eabi-gcc -nostdlib -Xlinker -Map="Lab4.map" -Xlinker --gc-sections -Xlinker -print-memory-usage -Xlinker --sort-section=alignment -mcpu=cortex-m4 -mfpu=fpv4-sp-d16 -mfloat-abi=hard -mthumb -T Lab4_Debug.ld -o "Lab4.axf" ./startup/startup_mk22f51212.o  ./source/Lab4Main.o  ./board/BasicIO.o ./board/K22FRDM_ClkCfg.o  ./CMSIS/system_MK22F51212.o   
Memory region         Used Size  Region Size  %age Used
   PROGRAM_FLASH:        2380 B       512 KB      0.45%
      SRAM_UPPER:          8 KB        64 KB     12.50%
      SRAM_LOWER:          0 GB        64 KB      0.00%
Finished building target: Lab4.axf
 
Performing post-build steps
arm-none-eabi-size "Lab4.axf"; # arm-none-eabi-objcopy -v -O binary "Lab4.axf" "Lab4.bin" ; # checksum -p MK22FN512xxx12 -d "Lab4.bin";
   text	   data	    bss	    dec	    hex	filename
   2380	      0	   8192	  10572	   294c	Lab4.axf
 

14:43:59 Build Finished. 0 errors, 0 warnings. (took 877ms)

